Startpoint: cin (input port clocked by virtual_clk)
Endpoint: sum[0] (output port clocked by virtual_clk)
Path Group: virtual_clk
Path Type: min

     Cap     Slew    Delay     Time   Description
---------------------------------------------------------------------------
            0.000    0.000    0.000   clock virtual_clk (rise edge)
                     0.000    0.000   clock network delay (ideal)
                     0.000    0.000 ^ input external delay
   0.009    0.000    0.000    0.000 ^ cin (in)
            0.000    0.000    0.000 ^ add0/_74_/A (sky130_fd_sc_hd__xor2_1)
   0.000    0.024    0.029    0.029 v add0/_74_/X (sky130_fd_sc_hd__xor2_1)
            0.024    0.000    0.029 v sum[0] (out)
                              0.029   data arrival time

            0.000    0.000    0.000   clock virtual_clk (rise edge)
                     0.000    0.000   clock network delay (ideal)
                     0.000    0.000   clock reconvergence pessimism
                     0.000    0.000   output external delay
                              0.000   data required time
---------------------------------------------------------------------------
                              0.000   data required time
                             -0.029   data arrival time
---------------------------------------------------------------------------
                              0.029   slack (MET)


worst slack min 0.029
